nohup: ignoring input
2026-09-04 01:44:54.652482: I tensorflow/core/util/port.cc:153] oneDNN custom operations are on. You may see slightly different numerical results due to floating-point round-off errors from different computation orders. To turn them off, set the environment variable `TF_ENABLE_ONEDNN_OPTS=0`.
2026-09-04 01:44:54.724723: I tensorflow/core/platform/cpu_feature_guard.cc:210] This TensorFlow binary is optimized to use available CPU instructions in performance-critical operations.
To enable the following instructions: AVX2 AVX512F AVX512_VNNI FMA, in other operations, rebuild TensorFlow with the appropriate compiler flags.
/root/miniconda3/lib/python3.12/site-packages/google/protobuf/runtime_version.py:98: UserWarning: Protobuf gencode version 5.28.3 is exactly one major version older than the runtime version 6.31.1 at tensorflow/core/framework/attr_value.proto. Please update the gencode to avoid compatibility violations in the next runtime release.
  warnings.warn(
/root/miniconda3/lib/python3.12/site-packages/google/protobuf/runtime_version.py:98: UserWarning: Protobuf gencode version 5.28.3 is exactly one major version older than the runtime version 6.31.1 at tensorflow/core/framework/tensor.proto. Please update the gencode to avoid compatibility violations in the next runtime release.
  warnings.warn(
/root/miniconda3/lib/python3.12/site-packages/google/protobuf/runtime_version.py:98: UserWarning: Protobuf gencode version 5.28.3 is exactly one major version older than the runtime version 6.31.1 at tensorflow/core/framework/resource_handle.proto. Please update the gencode to avoid compatibility violations in the next runtime release.
  warnings.warn(
/root/miniconda3/lib/python3.12/site-packages/google/protobuf/runtime_version.py:98: UserWarning: Protobuf gencode version 5.28.3 is exactly one major version older than the runtime version 6.31.1 at tensorflow/core/framework/tensor_shape.proto. Please update the gencode to avoid compatibility violations in the next runtime release.
  warnings.warn(
/root/miniconda3/lib/python3.12/site-packages/google/protobuf/runtime_version.py:98: UserWarning: Protobuf gencode version 5.28.3 is exactly one major version older than the runtime version 6.31.1 at tensorflow/core/framework/types.proto. Please update the gencode to avoid compatibility violations in the next runtime release.
  warnings.warn(
/root/miniconda3/lib/python3.12/site-packages/google/protobuf/runtime_version.py:98: UserWarning: Protobuf gencode version 5.28.3 is exactly one major version older than the runtime version 6.31.1 at tensorflow/core/framework/full_type.proto. Please update the gencode to avoid compatibility violations in the next runtime release.
  warnings.warn(
/root/miniconda3/lib/python3.12/site-packages/google/protobuf/runtime_version.py:98: UserWarning: Protobuf gencode version 5.28.3 is exactly one major version older than the runtime version 6.31.1 at tensorflow/core/framework/function.proto. Please update the gencode to avoid compatibility violations in the next runtime release.
  warnings.warn(
/root/miniconda3/lib/python3.12/site-packages/google/protobuf/runtime_version.py:98: UserWarning: Protobuf gencode version 5.28.3 is exactly one major version older than the runtime version 6.31.1 at tensorflow/core/framework/node_def.proto. Please update the gencode to avoid compatibility violations in the next runtime release.
  warnings.warn(
/root/miniconda3/lib/python3.12/site-packages/google/protobuf/runtime_version.py:98: UserWarning: Protobuf gencode version 5.28.3 is exactly one major version older than the runtime version 6.31.1 at tensorflow/core/framework/op_def.proto. Please update the gencode to avoid compatibility violations in the next runtime release.
  warnings.warn(
/root/miniconda3/lib/python3.12/site-packages/google/protobuf/runtime_version.py:98: UserWarning: Protobuf gencode version 5.28.3 is exactly one major version older than the runtime version 6.31.1 at tensorflow/core/framework/graph.proto. Please update the gencode to avoid compatibility violations in the next runtime release.
  warnings.warn(
/root/miniconda3/lib/python3.12/site-packages/google/protobuf/runtime_version.py:98: UserWarning: Protobuf gencode version 5.28.3 is exactly one major version older than the runtime version 6.31.1 at tensorflow/core/framework/graph_debug_info.proto. Please update the gencode to avoid compatibility violations in the next runtime release.
  warnings.warn(
/root/miniconda3/lib/python3.12/site-packages/google/protobuf/runtime_version.py:98: UserWarning: Protobuf gencode version 5.28.3 is exactly one major version older than the runtime version 6.31.1 at tensorflow/core/framework/versions.proto. Please update the gencode to avoid compatibility violations in the next runtime release.
  warnings.warn(
/root/miniconda3/lib/python3.12/site-packages/google/protobuf/runtime_version.py:98: UserWarning: Protobuf gencode version 5.28.3 is exactly one major version older than the runtime version 6.31.1 at tensorflow/core/protobuf/config.proto. Please update the gencode to avoid compatibility violations in the next runtime release.
  warnings.warn(
/root/miniconda3/lib/python3.12/site-packages/google/protobuf/runtime_version.py:98: UserWarning: Protobuf gencode version 5.28.3 is exactly one major version older than the runtime version 6.31.1 at xla/tsl/protobuf/coordination_config.proto. Please update the gencode to avoid compatibility violations in the next runtime release.
  warnings.warn(
/root/miniconda3/lib/python3.12/site-packages/google/protobuf/runtime_version.py:98: UserWarning: Protobuf gencode version 5.28.3 is exactly one major version older than the runtime version 6.31.1 at tensorflow/core/framework/cost_graph.proto. Please update the gencode to avoid compatibility violations in the next runtime release.
  warnings.warn(
/root/miniconda3/lib/python3.12/site-packages/google/protobuf/runtime_version.py:98: UserWarning: Protobuf gencode version 5.28.3 is exactly one major version older than the runtime version 6.31.1 at tensorflow/core/framework/step_stats.proto. Please update the gencode to avoid compatibility violations in the next runtime release.
  warnings.warn(
/root/miniconda3/lib/python3.12/site-packages/google/protobuf/runtime_version.py:98: UserWarning: Protobuf gencode version 5.28.3 is exactly one major version older than the runtime version 6.31.1 at tensorflow/core/framework/allocation_description.proto. Please update the gencode to avoid compatibility violations in the next runtime release.
  warnings.warn(
/root/miniconda3/lib/python3.12/site-packages/google/protobuf/runtime_version.py:98: UserWarning: Protobuf gencode version 5.28.3 is exactly one major version older than the runtime version 6.31.1 at tensorflow/core/framework/tensor_description.proto. Please update the gencode to avoid compatibility violations in the next runtime release.
  warnings.warn(
/root/miniconda3/lib/python3.12/site-packages/google/protobuf/runtime_version.py:98: UserWarning: Protobuf gencode version 5.28.3 is exactly one major version older than the runtime version 6.31.1 at tensorflow/core/protobuf/cluster.proto. Please update the gencode to avoid compatibility violations in the next runtime release.
  warnings.warn(
/root/miniconda3/lib/python3.12/site-packages/google/protobuf/runtime_version.py:98: UserWarning: Protobuf gencode version 5.28.3 is exactly one major version older than the runtime version 6.31.1 at tensorflow/core/protobuf/debug.proto. Please update the gencode to avoid compatibility violations in the next runtime release.
  warnings.warn(
2026-09-04 01:44:55.950321: I tensorflow/core/util/port.cc:153] oneDNN custom operations are on. You may see slightly different numerical results due to floating-point round-off errors from different computation orders. To turn them off, set the environment variable `TF_ENABLE_ONEDNN_OPTS=0`.
Some weights of BertForSequenceClassification were not initialized from the model checkpoint at /root/autodl-tmp/models/medbert-base-chinese and are newly initialized: ['classifier.bias', 'classifier.weight']
You should probably TRAIN this model on a down-stream task to be able to use it for predictions and inference.
/root/autodl-tmp/academic-classification-agent/model/train.py:222: FutureWarning: `torch.cuda.amp.GradScaler(args...)` is deprecated. Please use `torch.amp.GradScaler('cuda', args...)` instead.
  scaler = torch.cuda.amp.GradScaler(enabled=selected_device.type == "cuda")
/root/autodl-tmp/academic-classification-agent/model/train.py:130: FutureWarning: `torch.cuda.amp.autocast(args...)` is deprecated. Please use `torch.amp.autocast('cuda', args...)` instead.
  with torch.cuda.amp.autocast(enabled=use_amp):
epoch 1/20 train_loss=4.7254 val_loss=4.4606 val_f1_macro=0.0359
epoch 2/20 train_loss=3.7272 val_loss=2.9967 val_f1_macro=0.3985
epoch 3/20 train_loss=2.5875 val_loss=2.2786 val_f1_macro=0.5414
epoch 4/20 train_loss=1.8833 val_loss=1.9171 val_f1_macro=0.5800
epoch 5/20 train_loss=1.4015 val_loss=1.6902 val_f1_macro=0.6273
epoch 6/20 train_loss=1.0366 val_loss=1.5730 val_f1_macro=0.6492
epoch 7/20 train_loss=0.7653 val_loss=1.4923 val_f1_macro=0.6550
epoch 8/20 train_loss=0.5513 val_loss=1.4410 val_f1_macro=0.6627
epoch 9/20 train_loss=0.3995 val_loss=1.4420 val_f1_macro=0.6611
epoch 10/20 train_loss=0.2850 val_loss=1.4604 val_f1_macro=0.6617
epoch 11/20 train_loss=0.1973 val_loss=1.4804 val_f1_macro=0.6768
epoch 12/20 train_loss=0.1411 val_loss=1.5079 val_f1_macro=0.6756
epoch 13/20 train_loss=0.0993 val_loss=1.4998 val_f1_macro=0.6890
epoch 14/20 train_loss=0.0720 val_loss=1.5768 val_f1_macro=0.6704
epoch 15/20 train_loss=0.0515 val_loss=1.6086 val_f1_macro=0.6826
epoch 16/20 train_loss=0.0384 val_loss=1.6546 val_f1_macro=0.6730
epoch 17/20 train_loss=0.0326 val_loss=1.6757 val_f1_macro=0.6782
epoch 18/20 train_loss=0.0275 val_loss=1.6781 val_f1_macro=0.6775
epoch 19/20 train_loss=0.0247 val_loss=1.6767 val_f1_macro=0.6767
epoch 20/20 train_loss=0.0229 val_loss=1.6853 val_f1_macro=0.6766
{
  "model_type": "medbert",
  "checkpoint": "/root/autodl-tmp/academic-classification-agent/model/checkpoints/medbert_v20/best",
  "best_metrics": {
    "accuracy": 0.6983546617915904,
    "precision_macro": 0.7214646464646465,
    "recall_macro": 0.6978787878787879,
    "f1_macro": 0.6889914126277763,
    "f1_micro": 0.6983546617915904,
    "loss": 1.4997847792355046
  },
  "history_file": "/root/autodl-tmp/academic-classification-agent/results/medbert_v20_history.json",
  "device": "cuda"
}
